// Jest Snapshot v1, https://goo.gl/fbAQLP

exports[`<App /> should render 1`] = `
<div>
  <Component />
  <Grid
    bsClass="container"
    componentClass="div"
    fluid={false}
  >
    <Row
      bsClass="row"
      componentClass="div"
    >
      <Col
        bsClass="col"
        componentClass="div"
        md={1}
        mdOffset={5}
      >
        <Button
          active={false}
          block={false}
          bsClass="btn"
          bsStyle="default"
          disabled={false}
          onClick={[Function]}
        >
          Click Me
        </Button>
      </Col>
      <Col
        bsClass="col"
        componentClass="div"
        md={1}
      >
        Count: 
        0
      </Col>
    </Row>
  </Grid>
</div>
`;
